[2026-03-12 11:19:03] Conexión con One Piece DB establecida.
[2026-03-12 11:19:10] LOGIN: Usuario Prueba ha entrado.
[2026-03-12 11:19:30] Conexión con One Piece DB establecida.
[2026-03-12 11:19:40] LOGIN: Usuario Prueba ha entrado.
[2026-03-18 13:40:12] Conexión con One Piece DB establecida.
[2026-03-18 13:40:37] ERROR REGISTRO: ERROR: duplicate key value violates unique constraint "Usuario_nombre_key"
  Detail: Key (nombre)=(Prueba) already exists.
[2026-03-18 13:42:09] Conexión con One Piece DB establecida.
[2026-03-18 13:42:22] REGISTRO: Nuevo usuario creado: Pruebas
[2026-03-18 13:42:56] Conexión con One Piece DB establecida.
[2026-03-18 13:43:07] LOGIN FALLIDO: Contraseña incorrecta para Pruebas
[2026-03-18 13:43:08] LOGIN FALLIDO: Datos incorrectos para el usuario: Pruebas
[2026-03-18 13:43:21] LOGIN: Usuario Pruebas ha entrado.
[2026-03-18 13:43:50] Conexión con One Piece DB establecida.
[2026-03-18 13:44:04] LOGIN: Usuario Pruebas ha entrado.
[2026-03-23 09:17:48] Conexión con One Piece DB establecida.
[2026-03-23 09:17:59] ERROR REGISTRO: ERROR: column "contraseña" of relation "usuario" does not exist
  Position: 30
[2026-03-23 09:18:03] ERROR BUSQUEDA: ERROR: column "id" does not exist
  Position: 8
[2026-03-23 09:18:04] LOGIN FALLIDO: Datos incorrectos para el usuario: Pruebas
[2026-03-23 09:19:32] Conexión con One Piece DB establecida.
[2026-03-23 09:19:45] REGISTRO: Nuevo usuario creado: Pruebas
[2026-03-23 09:33:09] Conexión con One Piece DB establecida.
[2026-03-23 09:33:24] ERROR REGISTRO: ERROR: duplicate key value violates unique constraint "usuario_nombre_key"
  Detail: Key (nombre)=(Pruebas) already exists.
[2026-03-23 09:33:45] Conexión con One Piece DB establecida.
[2026-03-23 09:34:24] Conexión con One Piece DB establecida.
[2026-03-23 09:34:35] REGISTRO: Nuevo usuario creado: Pruebas
[2026-03-23 09:34:40] ERROR CARGANDO A MAZOS: 
/C:/Users/diego/OneDrive/Desktop/TFG/OnePieceCollectr/tfg/target/classes/view/mazos.fxml

[2026-03-23 09:34:42] ERROR CARGANDO AL MERCADO: 
/C:/Users/diego/OneDrive/Desktop/TFG/OnePieceCollectr/tfg/target/classes/view/mercado.fxml

[2026-03-23 09:34:44] ERROR CARGANDO A EVENTOS: 
/C:/Users/diego/OneDrive/Desktop/TFG/OnePieceCollectr/tfg/target/classes/view/eventos.fxml

[2026-03-23 09:36:35] Conexión con One Piece DB establecida.
[2026-03-23 09:36:43] ERROR BUSQUEDA: ERROR: column "id" does not exist
  Position: 8
[2026-03-23 09:36:44] LOGIN FALLIDO: Datos incorrectos para el usuario: Pruebas
[2026-03-23 09:36:51] ERROR BUSQUEDA: ERROR: column "id" does not exist
  Position: 8
[2026-03-23 09:36:52] LOGIN FALLIDO: Datos incorrectos para el usuario: Pruebas
[2026-03-23 09:37:17] REGISTRO: Nuevo usuario creado: Prueba
[2026-03-23 09:37:26] Conexión con One Piece DB establecida.
[2026-03-23 09:37:32] ERROR BUSQUEDA: ERROR: column "id" does not exist
  Position: 8
[2026-03-23 09:37:34] LOGIN FALLIDO: Datos incorrectos para el usuario: Prueba
[2026-03-23 09:39:45] Conexión con One Piece DB establecida.
[2026-03-23 09:39:51] ERROR BUSQUEDA: The column name id was not found in this ResultSet.
[2026-03-23 09:39:53] LOGIN FALLIDO: Datos incorrectos para el usuario: Prueba
[2026-03-23 09:42:28] Conexión con One Piece DB establecida.
[2026-03-23 09:42:35] ERROR BUSQUEDA: ERROR: column "id" does not exist
  Position: 8
[2026-03-23 09:42:37] LOGIN FALLIDO: Datos incorrectos para el usuario: Prueba
[2026-03-23 09:42:49] REGISTRO: Nuevo usuario creado: 1
[2026-03-23 09:42:57] Conexión con One Piece DB establecida.
[2026-03-23 09:43:01] ERROR BUSQUEDA: ERROR: column "id" does not exist
  Position: 8
[2026-03-23 09:43:02] LOGIN FALLIDO: Datos incorrectos para el usuario: 1
[2026-03-23 09:49:14] Conexión con One Piece DB establecida.
[2026-03-23 09:49:19] ERROR BUSQUEDA: ERROR: column "id" does not exist
  Position: 8
[2026-03-23 09:49:21] LOGIN FALLIDO: Datos incorrectos para el usuario: 1
[2026-03-23 09:49:22] REGISTRO: Nuevo usuario creado: 1
[2026-03-23 09:49:31] Conexión con One Piece DB establecida.
[2026-03-23 09:49:37] ERROR BUSQUEDA: ERROR: column "id" does not exist
  Position: 8
[2026-03-23 09:49:39] LOGIN FALLIDO: Datos incorrectos para el usuario: 1
[2026-03-23 09:51:29] Conexión con One Piece DB establecida.
[2026-03-23 09:51:32] ERROR BUSQUEDA: ERROR: column "id" does not exist
  Position: 8
[2026-03-23 09:51:33] LOGIN FALLIDO: Datos incorrectos para el usuario: 1
[2026-03-23 09:53:54] Conexión con One Piece DB establecida.
[2026-03-23 09:53:58] ERROR BUSQUEDA: ERROR: column "id" does not exist
  Position: 8
[2026-03-23 09:53:59] LOGIN FALLIDO: Datos incorrectos para el usuario: 1
[2026-03-23 09:54:04] REGISTRO: Nuevo usuario creado: 2
[2026-03-23 09:54:09] Conexión con One Piece DB establecida.
[2026-03-23 09:54:12] ERROR BUSQUEDA: ERROR: column "id" does not exist
  Position: 8
[2026-03-23 09:54:13] LOGIN FALLIDO: Datos incorrectos para el usuario: 2
[2026-03-23 09:55:22] Conexión con One Piece DB establecida.
[2026-03-23 09:56:23] Conexión con One Piece DB establecida.
[2026-03-23 09:56:26] REGISTRO: Nuevo usuario creado: 1
[2026-03-23 09:56:32] Conexión con One Piece DB establecida.
[2026-03-23 09:56:32] ERROR BUSQUEDA BD: ERROR: column "id" does not exist
  Position: 8
[2026-03-23 09:56:33] LOGIN FALLIDO: Datos incorrectos para: 1
[2026-03-23 10:00:28] Conexión con One Piece DB establecida.
[2026-03-23 10:00:31] LOGIN EXITOSO: Usuario 1
[2026-03-24 18:20:51] Conexión con One Piece DB establecida.
[2026-03-24 18:21:06] LOGIN EXITOSO: Usuario 1
[2026-03-24 18:21:09] ERROR CARGANDO A MAZOS: 
/C:/Users/diego/OneDrive/Desktop/TFG/OnePieceCollectr/tfg/target/classes/view/mazos.fxml

[2026-04-07 07:30:53] Conexión con One Piece DB establecida.
[2026-04-07 07:31:02] LOGIN EXITOSO: Usuario 1
[2026-04-07 07:32:09] Conexión con One Piece DB establecida.
[2026-04-07 07:32:15] LOGIN EXITOSO: Usuario 1
[2026-04-07 07:32:45] Conexión con One Piece DB establecida.
[2026-04-07 07:32:50] LOGIN EXITOSO: Usuario 1
[2026-04-07 07:33:18] Conexión con One Piece DB establecida.
[2026-04-07 07:33:22] LOGIN EXITOSO: Usuario 1
[2026-04-07 07:33:58] Conexión con One Piece DB establecida.
[2026-04-07 07:33:58] Cartas cargadas en memoria: 3130
[2026-04-07 07:35:42] Conexión con One Piece DB establecida.
[2026-04-07 07:35:42] Cartas cargadas en memoria: 3130
[2026-04-07 07:35:43] Conexión con One Piece DB establecida.
[2026-04-07 07:56:06] Conexión con One Piece DB establecida.
[2026-04-07 07:56:07] Cartas cargadas en memoria: 3130
[2026-04-07 07:56:07] Conexión con One Piece DB establecida.
[2026-04-07 07:56:11] LOGIN EXITOSO: Usuario 1
[2026-04-07 07:56:16] Conexión con One Piece DB establecida.
[2026-04-07 07:56:37] Conexión con One Piece DB establecida.
[2026-04-07 07:56:37] Cartas cargadas en memoria: 3130
[2026-04-07 07:56:38] Conexión con One Piece DB establecida.
[2026-04-07 07:56:41] LOGIN EXITOSO: Usuario 1
[2026-04-07 07:56:43] Conexión con One Piece DB establecida.
[2026-04-07 07:56:52] Conexión con One Piece DB establecida.
[2026-04-07 07:56:52] Cartas cargadas en memoria: 3130
[2026-04-07 07:56:53] Conexión con One Piece DB establecida.
[2026-04-07 07:56:56] LOGIN EXITOSO: Usuario 1
[2026-04-07 07:56:58] Conexión con One Piece DB establecida.
[2026-04-07 08:05:57] Conexión con One Piece DB establecida.
[2026-04-07 08:05:58] Cartas cargadas en memoria: 3130
[2026-04-07 08:05:58] Conexión con One Piece DB establecida.
[2026-04-07 08:05:58] Conexión con One Piece DB establecida.
[2026-04-07 08:05:58] Cartas cargadas en memoria: 3130
[2026-04-07 08:06:03] LOGIN EXITOSO: Usuario 1
[2026-04-07 08:06:06] Conexión con One Piece DB establecida.
[2026-04-07 08:07:26] Conexión con One Piece DB establecida.
[2026-04-07 08:07:26] Cartas cargadas en memoria: 3130
[2026-04-07 08:07:26] Conexión con One Piece DB establecida.
[2026-04-07 08:07:27] Conexión con One Piece DB establecida.
[2026-04-07 08:07:27] Cartas cargadas en memoria: 3130
[2026-04-07 08:07:30] LOGIN EXITOSO: Usuario 1
[2026-04-07 08:07:33] Conexión con One Piece DB establecida.
[2026-04-07 08:09:15] Conexión con One Piece DB establecida.
[2026-04-07 08:09:15] Cartas cargadas en memoria: 3130
[2026-04-07 08:09:15] Conexión con One Piece DB establecida.
[2026-04-07 08:09:16] Conexión con One Piece DB establecida.
[2026-04-07 08:09:16] Cartas cargadas en memoria: 3130
[2026-04-07 08:09:19] LOGIN EXITOSO: Usuario 1
[2026-04-07 08:09:20] Conexión con One Piece DB establecida.
[2026-04-07 08:10:43] Conexión con One Piece DB establecida.
[2026-04-07 08:10:43] Cartas cargadas en memoria: 3130
[2026-04-07 08:10:44] Conexión con One Piece DB establecida.
[2026-04-07 08:10:44] Conexión con One Piece DB establecida.
[2026-04-07 08:10:44] Cartas cargadas en memoria: 3130
[2026-04-07 08:10:48] LOGIN EXITOSO: Usuario 1
[2026-04-07 08:10:50] Conexión con One Piece DB establecida.
[2026-04-07 08:14:07] Conexión con One Piece DB establecida.
[2026-04-07 08:14:07] Cartas cargadas en memoria: 3130
[2026-04-07 08:14:07] Conexión con One Piece DB establecida.
[2026-04-07 08:14:08] Conexión con One Piece DB establecida.
[2026-04-07 08:14:08] Cartas cargadas en memoria: 3130
[2026-04-07 08:14:10] LOGIN EXITOSO: Usuario 1
[2026-04-07 08:14:12] Conexión con One Piece DB establecida.
[2026-04-07 08:14:18] Conexión con One Piece DB establecida.
[2026-04-07 08:14:19] ERROR AL MARCAR CARTA: ERROR: column "id_carta" is of type integer but expression is of type character varying
  Hint: You will need to rewrite or cast the expression.
  Position: 68
[2026-04-07 08:14:22] Conexión con One Piece DB establecida.
[2026-04-07 08:14:22] ERROR AL MARCAR CARTA: ERROR: column "id_carta" is of type integer but expression is of type character varying
  Hint: You will need to rewrite or cast the expression.
  Position: 68
[2026-04-07 08:14:24] Conexión con One Piece DB establecida.
[2026-04-07 08:14:24] ERROR AL MARCAR CARTA: ERROR: column "id_carta" is of type integer but expression is of type character varying
  Hint: You will need to rewrite or cast the expression.
  Position: 68
[2026-04-07 08:14:27] Conexión con One Piece DB establecida.
[2026-04-07 08:14:27] ERROR AL MARCAR CARTA: ERROR: column "id_carta" is of type integer but expression is of type character varying
  Hint: You will need to rewrite or cast the expression.
  Position: 68
[2026-04-07 08:15:07] Conexión con One Piece DB establecida.
[2026-04-07 08:15:07] Cartas cargadas en memoria: 3130
[2026-04-07 08:15:07] Conexión con One Piece DB establecida.
[2026-04-07 08:15:08] Conexión con One Piece DB establecida.
[2026-04-07 08:15:08] Cartas cargadas en memoria: 3130
[2026-04-07 08:15:12] LOGIN EXITOSO: Usuario 1
[2026-04-07 08:15:17] Conexión con One Piece DB establecida.
[2026-04-07 08:15:31] Conexión con One Piece DB establecida.
[2026-04-07 08:15:31] Cartas cargadas en memoria: 3130
[2026-04-07 08:15:32] Conexión con One Piece DB establecida.
[2026-04-07 08:15:32] Conexión con One Piece DB establecida.
[2026-04-07 08:15:32] Cartas cargadas en memoria: 3130
[2026-04-07 08:15:35] LOGIN EXITOSO: Usuario 1
[2026-04-07 08:15:36] Conexión con One Piece DB establecida.
[2026-04-07 08:15:41] Carta guardada en colección: Perona
[2026-04-07 08:15:41] Conexión con One Piece DB establecida.
[2026-04-07 08:15:41] ERROR AL MARCAR CARTA: ERROR: column "id_carta" is of type integer but expression is of type character varying
  Hint: You will need to rewrite or cast the expression.
  Position: 68
[2026-04-07 08:15:42] Carta guardada en colección: Radical Beam!!
[2026-04-07 08:15:42] Conexión con One Piece DB establecida.
[2026-04-07 08:15:43] ERROR AL MARCAR CARTA: ERROR: column "id_carta" is of type integer but expression is of type character varying
  Hint: You will need to rewrite or cast the expression.
  Position: 68
[2026-04-07 08:20:22] Conexión con One Piece DB establecida.
[2026-04-07 08:20:23] Cartas cargadas en memoria: 3130
[2026-04-07 08:20:23] Conexión con One Piece DB establecida.
[2026-04-07 08:20:23] Conexión con One Piece DB establecida.
[2026-04-07 08:20:23] Cartas cargadas en memoria: 3130
[2026-04-07 08:20:28] LOGIN EXITOSO: Usuario 1
[2026-04-07 08:20:29] Conexión con One Piece DB establecida.
[2026-04-07 08:20:34] Conexión con One Piece DB establecida.
[2026-04-07 08:20:34] Carta guardada en colección: Donquixote Doflamingo (073)
[2026-04-07 08:24:36] Conexión con One Piece DB establecida.
[2026-04-07 08:24:37] Cartas cargadas en memoria: 3130
[2026-04-07 08:24:37] Conexión con One Piece DB establecida.
[2026-04-07 08:24:37] Conexión con One Piece DB establecida.
[2026-04-07 08:24:37] Cartas cargadas en memoria: 3130
[2026-04-07 08:24:41] LOGIN EXITOSO: Usuario 1
[2026-04-07 08:24:43] Conexión con One Piece DB establecida.
[2026-04-07 08:24:48] Conexión con One Piece DB establecida.
[2026-04-07 08:24:48] Carta guardada en colección: Perona
[2026-04-07 08:25:02] Conexión con One Piece DB establecida.
[2026-04-07 08:25:02] Carta guardada en colección: Perona
[2026-04-07 08:25:40] Conexión con One Piece DB establecida.
[2026-04-07 08:25:40] Cartas cargadas en memoria: 3130
[2026-04-07 08:25:40] Conexión con One Piece DB establecida.
[2026-04-07 08:25:41] Conexión con One Piece DB establecida.
[2026-04-07 08:25:41] Cartas cargadas en memoria: 3130
[2026-04-07 08:25:43] LOGIN EXITOSO: Usuario 1
[2026-04-07 08:25:45] Conexión con One Piece DB establecida.
