[2026-04-24 14:45:39] Conexión con One Piece DB establecida.
[2026-04-24 14:45:40] Cartas cargadas en memoria: 3130
[2026-04-24 14:45:40] Conexión con One Piece DB establecida.
[2026-04-24 14:45:40] Conexión con One Piece DB establecida.
[2026-04-24 14:45:41] Cartas cargadas en memoria: 3130
[2026-04-24 14:45:45] LOGIN EXITOSO: Usuario 1
[2026-04-24 14:45:45] Conexión con One Piece DB establecida.
[2026-04-24 14:45:45] Mazos sincronizados con éxito.
[2026-04-24 14:45:45] Conexión con One Piece DB establecida.
[2026-04-24 14:46:59] Conexión con One Piece DB establecida.
[2026-04-24 14:46:59] Cartas cargadas en memoria: 3130
[2026-04-24 14:47:00] Conexión con One Piece DB establecida.
[2026-04-24 14:47:00] Conexión con One Piece DB establecida.
[2026-04-24 14:47:00] Cartas cargadas en memoria: 3130
[2026-04-24 14:47:03] LOGIN EXITOSO: Usuario 1
[2026-04-24 14:47:04] Conexión con One Piece DB establecida.
[2026-04-24 14:47:04] Mazos sincronizados con éxito.
[2026-04-24 14:47:04] Conexión con One Piece DB establecida.
[2026-04-24 14:48:01] Conexión con One Piece DB establecida.
[2026-04-24 14:48:01] Cartas cargadas en memoria: 3130
[2026-04-24 14:48:02] Conexión con One Piece DB establecida.
[2026-04-24 14:48:02] Conexión con One Piece DB establecida.
[2026-04-24 14:48:02] Cartas cargadas en memoria: 3130
[2026-04-24 14:48:05] LOGIN EXITOSO: Usuario 1
[2026-04-24 14:48:05] Conexión con One Piece DB establecida.
[2026-04-24 14:48:05] Mazos sincronizados con éxito.
[2026-04-24 14:48:06] Conexión con One Piece DB establecida.
[2026-04-24 14:49:09] Conexión con One Piece DB establecida.
[2026-04-24 14:49:09] Cartas cargadas en memoria: 3130
[2026-04-24 14:49:10] Conexión con One Piece DB establecida.
[2026-04-24 14:49:10] Conexión con One Piece DB establecida.
[2026-04-24 14:49:10] Cartas cargadas en memoria: 3130
[2026-04-24 14:49:14] LOGIN EXITOSO: Usuario 1
[2026-04-24 14:49:14] Conexión con One Piece DB establecida.
[2026-04-24 14:49:14] Mazos sincronizados con éxito.
[2026-04-24 14:49:15] Conexión con One Piece DB establecida.
[2026-04-24 15:00:25] Conexión con One Piece DB establecida.
[2026-04-24 15:00:25] Cartas cargadas en memoria: 3130
[2026-04-24 15:00:25] Conexión con One Piece DB establecida.
[2026-04-24 15:00:26] Conexión con One Piece DB establecida.
[2026-04-24 15:00:26] Cartas cargadas en memoria: 3130
[2026-04-24 15:00:32] LOGIN EXITOSO: Usuario 1
[2026-04-24 15:00:32] Conexión con One Piece DB establecida.
[2026-04-24 15:00:32] Mazos sincronizados con éxito.
[2026-04-24 15:00:33] Conexión con One Piece DB establecida.
[2026-04-27 09:50:01] Conexión con One Piece DB establecida.
[2026-04-27 09:50:01] Cartas cargadas en memoria: 3130
[2026-04-27 09:50:02] Conexión con One Piece DB establecida.
[2026-04-27 09:50:02] Conexión con One Piece DB establecida.
[2026-04-27 09:50:02] Cartas cargadas en memoria: 3130
[2026-04-27 09:52:11] LOGIN FALLIDO: Datos incorrectos para: Prueba
[2026-04-27 09:52:20] Conexión con One Piece DB establecida.
[2026-04-27 09:52:22] LOGIN FALLIDO: Datos incorrectos para: Prueba
[2026-04-27 09:52:29] Conexión con One Piece DB establecida.
[2026-04-27 09:52:31] LOGIN FALLIDO: Datos incorrectos para: Prueba
[2026-04-27 09:52:40] Conexión con One Piece DB establecida.
[2026-04-27 09:52:41] LOGIN FALLIDO: Datos incorrectos para: prueba
[2026-04-27 09:53:21] Conexión con One Piece DB establecida.
[2026-04-27 09:53:23] LOGIN FALLIDO: Datos incorrectos para: prueba
[2026-04-27 09:53:40] Conexión con One Piece DB establecida.
[2026-04-27 09:53:43] LOGIN FALLIDO: Datos incorrectos para: prueba
[2026-04-27 09:54:13] Conexión con One Piece DB establecida.
[2026-04-27 09:54:13] Cartas cargadas en memoria: 3130
[2026-04-27 09:54:13] Conexión con One Piece DB establecida.
[2026-04-27 09:54:14] Conexión con One Piece DB establecida.
[2026-04-27 09:54:14] Cartas cargadas en memoria: 3130
[2026-04-27 09:55:02] LOGIN FALLIDO: Datos incorrectos para: Pruebas
[2026-04-27 09:55:04] Conexión con One Piece DB establecida.
[2026-04-27 09:55:04] REGISTRO: Nuevo usuario creado: Pruebas
[2026-04-27 09:55:25] Conexión con One Piece DB establecida.
[2026-04-27 09:55:25] LOGIN EXITOSO: Usuario Pruebas
[2026-04-27 09:55:25] Conexión con One Piece DB establecida.
[2026-04-27 09:55:25] Mazos sincronizados con éxito.
[2026-04-27 09:55:26] Conexión con One Piece DB establecida.
[2026-04-27 09:55:29] Conexión con One Piece DB establecida.
[2026-04-27 09:55:29] Conexión con One Piece DB establecida.
[2026-04-27 09:55:31] Conexión con One Piece DB establecida.
[2026-04-27 09:55:31] Mazos sincronizados con éxito.
[2026-04-27 09:55:41] Conexión con One Piece DB establecida.
[2026-04-27 09:55:41] Mazo 'Nuevo Mazo' guardado en la nube.
[2026-04-27 09:55:47] Conexión con One Piece DB establecida.
[2026-04-27 09:55:47] Conexión con One Piece DB establecida.
[2026-04-27 09:55:53] Conexión con One Piece DB establecida.
[2026-04-27 09:55:59] Conexión con One Piece DB establecida.
[2026-04-27 09:56:29] Conexión con One Piece DB establecida.
[2026-04-27 09:56:30] Conexión con One Piece DB establecida.
[2026-04-27 11:21:44] Conexión con One Piece DB establecida.
[2026-04-27 11:21:44] Cartas cargadas en memoria: 3281
[2026-04-27 11:21:45] Conexión con One Piece DB establecida.
[2026-04-27 11:21:45] Conexión con One Piece DB establecida.
[2026-04-27 11:21:45] Cartas cargadas en memoria: 3281
[2026-04-27 11:21:51] LOGIN EXITOSO: Usuario 1
[2026-04-27 11:21:51] Conexión con One Piece DB establecida.
[2026-04-27 11:21:51] Mazos sincronizados con éxito.
[2026-04-27 11:21:52] Conexión con One Piece DB establecida.
[2026-04-27 11:21:55] Conexión con One Piece DB establecida.
[2026-04-27 11:21:56] Conexión con One Piece DB establecida.
[2026-04-27 11:22:12] Conexión con One Piece DB establecida.
[2026-04-27 11:22:13] Conexión con One Piece DB establecida.
[2026-04-27 11:22:17] Conexión con One Piece DB establecida.
[2026-04-27 11:22:19] Conexión con One Piece DB establecida.
[2026-04-27 11:22:21] Conexión con One Piece DB establecida.
[2026-04-27 11:22:23] Conexión con One Piece DB establecida.
[2026-04-27 11:31:29] Conexión con One Piece DB establecida.
[2026-04-27 11:31:29] Cartas cargadas en memoria: 3281
[2026-04-27 11:31:30] Conexión con One Piece DB establecida.
[2026-04-27 11:31:30] Conexión con One Piece DB establecida.
[2026-04-27 11:31:30] Cartas cargadas en memoria: 3281
[2026-04-27 11:31:36] LOGIN EXITOSO: Usuario 1
[2026-04-27 11:31:37] Conexión con One Piece DB establecida.
[2026-04-27 11:31:37] Conexión con One Piece DB establecida.
[2026-04-27 11:31:39] ERROR CARGANDO VISTA /view/mazos.fxml: Error resolving onAction='#exportarMazoPDF', either the event handler is not in the Namespace or there is an error in the script.
/C:/Users/ikern/Downloads/di-015%20(1)/di-015/OnePieceCollectr/tfg/target/classes/view/mazos.fxml:54

[2026-04-27 11:32:09] ERROR CARGANDO VISTA /view/mazos.fxml: Error resolving onAction='#exportarMazoPDF', either the event handler is not in the Namespace or there is an error in the script.
/C:/Users/ikern/Downloads/di-015%20(1)/di-015/OnePieceCollectr/tfg/target/classes/view/mazos.fxml:54

[2026-04-27 11:32:46] Conexión con One Piece DB establecida.
[2026-04-27 11:32:46] Cartas cargadas en memoria: 3281
[2026-04-27 11:32:46] Conexión con One Piece DB establecida.
[2026-04-27 11:32:47] Conexión con One Piece DB establecida.
[2026-04-27 11:32:47] Cartas cargadas en memoria: 3281
[2026-04-27 11:32:50] LOGIN EXITOSO: Usuario 1
[2026-04-27 11:32:51] Conexión con One Piece DB establecida.
[2026-04-27 11:32:51] Conexión con One Piece DB establecida.
[2026-04-27 11:32:53] ERROR CARGANDO VISTA /view/mazos.fxml: Error resolving onAction='#exportarMazoPDF', either the event handler is not in the Namespace or there is an error in the script.
/C:/Users/ikern/Downloads/di-015%20(1)/di-015/OnePieceCollectr/tfg/target/classes/view/mazos.fxml:44

[2026-04-27 11:34:50] Conexión con One Piece DB establecida.
[2026-04-27 11:34:50] Cartas cargadas en memoria: 3281
[2026-04-27 11:34:51] Conexión con One Piece DB establecida.
[2026-04-27 11:34:51] Conexión con One Piece DB establecida.
[2026-04-27 11:34:51] Cartas cargadas en memoria: 3281
[2026-04-27 11:34:55] LOGIN EXITOSO: Usuario 1
[2026-04-27 11:34:56] Conexión con One Piece DB establecida.
[2026-04-27 11:34:56] Conexión con One Piece DB establecida.
[2026-04-27 11:35:18] Conexión con One Piece DB establecida.
[2026-04-27 11:35:25] Conexión con One Piece DB establecida.
[2026-04-27 11:35:27] Conexión con One Piece DB establecida.
[2026-04-27 11:35:27] Conexión con One Piece DB establecida.
[2026-04-27 11:37:46] Conexión con One Piece DB establecida.
[2026-04-27 11:37:47] Cartas cargadas en memoria: 3281
[2026-04-27 11:37:47] Conexión con One Piece DB establecida.
[2026-04-27 11:37:47] Conexión con One Piece DB establecida.
[2026-04-27 11:37:48] Cartas cargadas en memoria: 3281
[2026-04-27 11:37:51] LOGIN EXITOSO: Usuario 1
[2026-04-27 11:37:52] Conexión con One Piece DB establecida.
[2026-04-27 11:37:52] Conexión con One Piece DB establecida.
[2026-04-27 11:47:56] Conexión con One Piece DB establecida.
[2026-04-27 11:47:56] Cartas cargadas en memoria: 3281
[2026-04-27 11:47:57] Conexión con One Piece DB establecida.
[2026-04-27 11:47:57] Conexión con One Piece DB establecida.
[2026-04-27 11:47:57] Cartas cargadas en memoria: 3281
[2026-04-27 11:48:01] LOGIN EXITOSO: Usuario 1
[2026-04-27 11:48:01] Conexión con One Piece DB establecida.
[2026-04-27 11:48:02] Conexión con One Piece DB establecida.
[2026-04-27 11:48:03] ERROR CARGANDO VISTA /view/mazos.fxml: Error resolving onAction='#exportarMazoPDF', either the event handler is not in the Namespace or there is an error in the script.
/C:/Users/ikern/OneDrive/Documentos/OnePieceCollectr/tfg/target/classes/view/mazos.fxml:54

[2026-04-27 11:48:07] Conexión con One Piece DB establecida.
[2026-04-27 11:48:08] Conexión con One Piece DB establecida.
[2026-04-27 11:48:08] ERROR CARGANDO VISTA /view/mazos.fxml: Error resolving onAction='#exportarMazoPDF', either the event handler is not in the Namespace or there is an error in the script.
/C:/Users/ikern/OneDrive/Documentos/OnePieceCollectr/tfg/target/classes/view/mazos.fxml:54

[2026-04-27 11:48:31] ERROR CARGANDO VISTA /view/mazos.fxml: Error resolving onAction='#exportarMazoPDF', either the event handler is not in the Namespace or there is an error in the script.
/C:/Users/ikern/OneDrive/Documentos/OnePieceCollectr/tfg/target/classes/view/mazos.fxml:54

[2026-04-27 11:55:19] Conexión con One Piece DB establecida.
[2026-04-27 11:55:20] Cartas cargadas en memoria: 3281
[2026-04-27 11:55:20] Conexión con One Piece DB establecida.
[2026-04-27 11:55:20] Conexión con One Piece DB establecida.
[2026-04-27 11:55:20] Cartas cargadas en memoria: 3281
[2026-04-27 11:55:26] LOGIN EXITOSO: Usuario 1
[2026-04-27 11:55:27] Conexión con One Piece DB establecida.
[2026-04-27 11:55:27] Conexión con One Piece DB establecida.
[2026-04-27 11:55:29] Conexión con One Piece DB establecida.
[2026-04-27 11:55:30] Conexión con One Piece DB establecida.
[2026-04-27 11:56:13] Conexión con One Piece DB establecida.
[2026-04-27 11:56:13] Cartas cargadas en memoria: 3281
[2026-04-27 11:56:14] Conexión con One Piece DB establecida.
[2026-04-27 11:56:14] Conexión con One Piece DB establecida.
[2026-04-27 11:56:14] Cartas cargadas en memoria: 3281
[2026-04-27 11:56:45] LOGIN EXITOSO: Usuario 1
[2026-04-27 11:56:46] Conexión con One Piece DB establecida.
[2026-04-27 11:56:46] Conexión con One Piece DB establecida.
[2026-04-27 11:56:49] Conexión con One Piece DB establecida.
[2026-04-27 11:56:49] Conexión con One Piece DB establecida.
[2026-04-27 11:56:52] Conexión con One Piece DB establecida.
[2026-04-27 11:56:53] Conexión con One Piece DB establecida.
[2026-04-27 11:57:18] Conexión con One Piece DB establecida.
[2026-04-27 11:59:23] Conexión con One Piece DB establecida.
[2026-04-27 11:59:24] Cartas cargadas en memoria: 3281
[2026-04-27 11:59:24] Conexión con One Piece DB establecida.
[2026-04-27 11:59:25] Conexión con One Piece DB establecida.
[2026-04-27 11:59:25] Cartas cargadas en memoria: 3281
[2026-04-27 11:59:39] LOGIN EXITOSO: Usuario 1
[2026-04-27 11:59:40] Conexión con One Piece DB establecida.
[2026-04-27 11:59:40] Conexión con One Piece DB establecida.
[2026-04-27 13:15:12] Conexión con One Piece DB establecida.
[2026-04-27 13:15:13] Conexión con One Piece DB establecida.
[2026-04-27 13:15:13] Conexión con One Piece DB establecida.
[2026-04-27 13:16:26] Conexión con One Piece DB establecida.
[2026-04-27 13:16:26] Cartas cargadas en memoria: 2135
[2026-04-27 13:16:27] Conexión con One Piece DB establecida.
[2026-04-27 13:16:27] Conexión con One Piece DB establecida.
[2026-04-27 13:16:28] Cartas cargadas en memoria: 2135
[2026-04-27 13:16:31] LOGIN EXITOSO: Usuario 1
[2026-04-27 13:16:31] Conexión con One Piece DB establecida.
[2026-04-27 13:16:32] Conexión con One Piece DB establecida.
[2026-04-27 13:16:54] Conexión con One Piece DB establecida.
[2026-04-27 13:16:56] Conexión con One Piece DB establecida.
[2026-04-27 13:17:55] Conexión con One Piece DB establecida.
[2026-04-27 13:18:39] Conexión con One Piece DB establecida.
[2026-04-27 13:18:39] Cartas cargadas en memoria: 2135
[2026-04-27 13:18:40] Conexión con One Piece DB establecida.
[2026-04-27 13:18:40] Conexión con One Piece DB establecida.
[2026-04-27 13:18:40] Cartas cargadas en memoria: 2135
[2026-04-27 13:19:02] LOGIN EXITOSO: Usuario 1
[2026-04-27 13:19:02] Conexión con One Piece DB establecida.
[2026-04-27 13:19:03] Conexión con One Piece DB establecida.
[2026-04-27 13:19:07] Conexión con One Piece DB establecida.
[2026-04-27 13:19:12] Conexión con One Piece DB establecida.
[2026-04-27 13:22:41] Conexión con One Piece DB establecida.
[2026-04-27 13:22:42] Cartas cargadas en memoria: 2135
[2026-04-27 13:22:42] Conexión con One Piece DB establecida.
[2026-04-27 13:22:42] Conexión con One Piece DB establecida.
[2026-04-27 13:22:43] Cartas cargadas en memoria: 2135
[2026-04-27 13:22:47] LOGIN EXITOSO: Usuario 1
[2026-04-27 13:22:48] Conexión con One Piece DB establecida.
[2026-04-27 13:22:48] Conexión con One Piece DB establecida.
[2026-04-27 13:22:51] Conexión con One Piece DB establecida.
[2026-04-27 13:23:20] Conexión con One Piece DB establecida.
[2026-04-27 13:23:22] Conexión con One Piece DB establecida.
[2026-04-27 13:26:28] Conexión con One Piece DB establecida.
[2026-04-27 13:26:29] Cartas cargadas en memoria: 2135
[2026-04-27 13:26:29] Conexión con One Piece DB establecida.
[2026-04-27 13:26:29] Conexión con One Piece DB establecida.
[2026-04-27 13:26:30] Cartas cargadas en memoria: 2135
[2026-04-27 13:28:38] LOGIN EXITOSO: Usuario 1
[2026-04-27 13:28:38] Conexión con One Piece DB establecida.
[2026-04-27 13:28:38] Conexión con One Piece DB establecida.
[2026-04-27 13:28:40] Conexión con One Piece DB establecida.
[2026-04-27 13:28:41] Conexión con One Piece DB establecida.
[2026-04-27 13:29:21] Conexión con One Piece DB establecida.
[2026-04-27 13:30:46] Conexión con One Piece DB establecida.
[2026-04-27 13:30:46] Cartas cargadas en memoria: 2135
[2026-04-27 13:30:46] Conexión con One Piece DB establecida.
[2026-04-27 13:30:47] Conexión con One Piece DB establecida.
[2026-04-27 13:30:47] Cartas cargadas en memoria: 2135
[2026-04-27 13:30:49] LOGIN EXITOSO: Usuario 1
[2026-04-27 13:30:50] Conexión con One Piece DB establecida.
[2026-04-27 13:30:50] Conexión con One Piece DB establecida.
[2026-04-27 13:30:52] Conexión con One Piece DB establecida.
[2026-04-27 13:30:53] Conexión con One Piece DB establecida.
[2026-04-27 13:30:58] Conexión con One Piece DB establecida.
[2026-04-27 13:31:02] Conexión con One Piece DB establecida.
[2026-04-27 13:31:58] Conexión con One Piece DB establecida.
[2026-04-27 13:31:59] Cartas cargadas en memoria: 2135
[2026-04-27 13:31:59] Conexión con One Piece DB establecida.
[2026-04-27 13:31:59] Conexión con One Piece DB establecida.
[2026-04-27 13:32:00] Cartas cargadas en memoria: 2135
[2026-04-27 13:32:06] LOGIN EXITOSO: Usuario 1
[2026-04-27 13:32:07] Conexión con One Piece DB establecida.
[2026-04-27 13:32:08] Conexión con One Piece DB establecida.
[2026-04-27 13:32:11] Conexión con One Piece DB establecida.
[2026-04-27 13:32:16] Conexión con One Piece DB establecida.
[2026-04-27 13:32:31] Conexión con One Piece DB establecida.
[2026-04-27 13:32:31] Cartas cargadas en memoria: 2135
[2026-04-27 13:32:32] Conexión con One Piece DB establecida.
[2026-04-27 13:32:32] Conexión con One Piece DB establecida.
[2026-04-27 13:32:33] Cartas cargadas en memoria: 2135
[2026-04-27 13:32:39] LOGIN EXITOSO: Usuario 1
[2026-04-27 13:32:39] Conexión con One Piece DB establecida.
[2026-04-27 13:32:40] Conexión con One Piece DB establecida.
[2026-04-27 13:32:54] Conexión con One Piece DB establecida.
[2026-04-27 13:33:02] Conexión con One Piece DB establecida.
[2026-04-27 13:40:50] Conexión con One Piece DB establecida.
[2026-04-27 13:40:51] Cartas cargadas en memoria: 2135
[2026-04-27 13:40:51] Conexión con One Piece DB establecida.
[2026-04-27 13:40:51] Conexión con One Piece DB establecida.
[2026-04-27 13:40:51] Cartas cargadas en memoria: 2135
[2026-04-27 13:40:55] LOGIN EXITOSO: Usuario 1
[2026-04-27 13:40:55] Conexión con One Piece DB establecida.
[2026-04-27 13:40:56] Conexión con One Piece DB establecida.
[2026-04-27 13:41:00] Conexión con One Piece DB establecida.
[2026-04-27 13:41:03] Conexión con One Piece DB establecida.
[2026-04-27 13:41:28] Conexión con One Piece DB establecida.
[2026-04-27 13:41:28] Cartas cargadas en memoria: 2135
[2026-04-27 13:41:29] Conexión con One Piece DB establecida.
[2026-04-27 13:41:29] Conexión con One Piece DB establecida.
[2026-04-27 13:41:30] Cartas cargadas en memoria: 2135
[2026-04-27 13:41:35] LOGIN EXITOSO: Usuario 1
[2026-04-27 13:41:36] Conexión con One Piece DB establecida.
[2026-04-27 13:41:36] Conexión con One Piece DB establecida.
[2026-04-27 13:41:40] Conexión con One Piece DB establecida.
[2026-04-27 13:41:42] Conexión con One Piece DB establecida.
[2026-04-27 13:49:22] Conexión con One Piece DB establecida.
[2026-04-27 13:49:23] Cartas cargadas en memoria: 2135
[2026-04-27 13:49:23] Conexión con One Piece DB establecida.
[2026-04-27 13:49:23] Conexión con One Piece DB establecida.
[2026-04-27 13:49:24] Cartas cargadas en memoria: 2135
[2026-04-27 13:49:29] LOGIN EXITOSO: Usuario 1
[2026-04-27 13:49:29] Conexión con One Piece DB establecida.
[2026-04-27 13:49:30] Conexión con One Piece DB establecida.
[2026-04-27 13:49:34] Conexión con One Piece DB establecida.
[2026-04-27 13:49:37] Conexión con One Piece DB establecida.
[2026-04-27 13:49:40] Conexión con One Piece DB establecida.
[2026-04-27 13:49:41] Conexión con One Piece DB establecida.
[2026-04-27 13:50:03] Conexión con One Piece DB establecida.
[2026-04-27 13:50:22] Conexión con One Piece DB establecida.
[2026-04-27 13:51:47] Conexión con One Piece DB establecida.
[2026-04-27 13:51:47] Cartas cargadas en memoria: 2135
[2026-04-27 13:51:47] Conexión con One Piece DB establecida.
[2026-04-27 13:51:48] Conexión con One Piece DB establecida.
[2026-04-27 13:51:48] Cartas cargadas en memoria: 2135
[2026-04-27 13:51:52] LOGIN EXITOSO: Usuario 1
[2026-04-27 13:51:52] Conexión con One Piece DB establecida.
[2026-04-27 13:51:53] Conexión con One Piece DB establecida.
[2026-04-27 13:51:58] Conexión con One Piece DB establecida.
[2026-04-27 13:51:58] Conexión con One Piece DB establecida.
[2026-04-27 13:52:01] Conexión con One Piece DB establecida.
[2026-04-27 13:52:07] Conexión con One Piece DB establecida.
